   Compiling gpu v0.1.0 (C:\Users\Vuk Trifunovic\Documents\new-engine-starter\new-engine-proposal\engine\gpu)
    Finished `release` profile [optimized] target(s) in 1.66s
     Running tests\bounce.rs (target\release\deps\bounce-f54a86207fcd32c1.exe)

running 5 tests
test bounce_images ... ignored
test corrected_one_bounce_converges_to_the_reference ... dawn street (sky corrected true): image +0.0007 -0.0011 -0.0003 | indirect -0.0004 -0.0034 -0.0029 (bounce share of the reference 7.7%, 10811 px with indirect) bad 0 (data)
dawn low (sky corrected true): image +0.0043 +0.0025 +0.0011 | indirect -0.0048 -0.0060 -0.0064 (bounce share of the reference 5.9%, 7430 px with indirect) bad 0 (data)
morning street (sky corrected true): image +0.0016 +0.0004 +0.0003 | indirect +0.0050 +0.0028 +0.0001 (bounce share of the reference 9.2%, 10811 px with indirect) bad 0 pass
morning low (sky corrected true): image +0.0003 +0.0007 +0.0013 | indirect -0.0058 -0.0050 -0.0047 (bounce share of the reference 4.6%, 7430 px with indirect) bad 0 pass
midday street (sky corrected true): image +0.0020 +0.0010 +0.0002 | indirect +0.0027 +0.0017 -0.0001 (bounce share of the reference 11.5%, 10811 px with indirect) bad 0 pass
midday low (sky corrected true): image -0.0001 +0.0001 +0.0005 | indirect -0.0022 -0.0023 -0.0028 (bounce share of the reference 4.2%, 7430 px with indirect) bad 0 pass
dusk street (sky corrected true): image -0.0004 -0.0012 -0.0003 | indirect -0.0009 -0.0020 -0.0023 (bounce share of the reference 7.4%, 10811 px with indirect) bad 0 (data)
dusk low (sky corrected true): image +0.0016 +0.0014 +0.0012 | indirect +0.0005 -0.0036 -0.0064 (bounce share of the reference 4.9%, 7430 px with indirect) bad 0 (data)
twilight street (sky corrected true): image -0.0068 -0.0107 -0.0077 | indirect -0.0052 -0.0107 -0.0108 (bounce share of the reference 6.8%, 10811 px with indirect) bad 0 (data)
twilight low (sky corrected true): image -0.0056 -0.0092 -0.0066 | indirect -0.0100 -0.0149 -0.0167 (bounce share of the reference 5.2%, 7430 px with indirect) bad 0 (data)
validation: 0 errors, 0 warnings
ok
test missing_energy_of_higher_bounces ... dawn street surfaces: luminance 0 bounces 1.2474e-3, 1 bounce 1.3521e-3, 8 bounces 1.3728e-3; 1 bounce reaches 98.5% (direct 90.9%), missing 1.5%
dawn street not sunlit: luminance 0 bounces 1.5496e-3, 1 bounce 1.6991e-3, 8 bounces 1.7285e-3; 1 bounce reaches 98.3% (direct 89.7%), missing 1.7%
dawn low surfaces: luminance 0 bounces 1.6803e-3, 1 bounce 1.7864e-3, 8 bounces 1.8063e-3; 1 bounce reaches 98.9% (direct 93.0%), missing 1.1%
dawn low not sunlit: luminance 0 bounces 2.1386e-3, 1 bounce 2.3296e-3, 8 bounces 2.3684e-3; 1 bounce reaches 98.4% (direct 90.3%), missing 1.6%
morning street surfaces: luminance 0 bounces 4.7123e-3, 1 bounce 5.1895e-3, 8 bounces 5.2562e-3; 1 bounce reaches 98.7% (direct 89.7%), missing 1.3%
morning street not sunlit: luminance 0 bounces 4.2816e-3, 1 bounce 4.8448e-3, 8 bounces 4.9230e-3; 1 bounce reaches 98.4% (direct 87.0%), missing 1.6%
morning low surfaces: luminance 0 bounces 1.1669e-2, 1 bounce 1.2236e-2, 8 bounces 1.2309e-2; 1 bounce reaches 99.4% (direct 94.8%), missing 0.6%
morning low not sunlit: luminance 0 bounces 6.0353e-3, 1 bounce 6.9001e-3, 8 bounces 7.0119e-3; 1 bounce reaches 98.4% (direct 86.1%), missing 1.6%
midday street surfaces: luminance 0 bounces 6.0732e-3, 1 bounce 6.8585e-3, 8 bounces 6.9550e-3; 1 bounce reaches 98.6% (direct 87.3%), missing 1.4%
midday street not sunlit: luminance 0 bounces 5.6480e-3, 1 bounce 6.4775e-3, 8 bounces 6.5792e-3; 1 bounce reaches 98.5% (direct 85.8%), missing 1.5%
midday low surfaces: luminance 0 bounces 2.2086e-2, 1 bounce 2.3062e-2, 8 bounces 2.3172e-2; 1 bounce reaches 99.5% (direct 95.3%), missing 0.5%
midday low not sunlit: luminance 0 bounces 8.0719e-3, 1 bounce 9.3891e-3, 8 bounces 9.5326e-3; 1 bounce reaches 98.5% (direct 84.7%), missing 1.5%
dusk street surfaces: luminance 0 bounces 1.4294e-3, 1 bounce 1.5435e-3, 8 bounces 1.5670e-3; 1 bounce reaches 98.5% (direct 91.2%), missing 1.5%
dusk street not sunlit: luminance 0 bounces 1.5483e-3, 1 bounce 1.7109e-3, 8 bounces 1.7414e-3; 1 bounce reaches 98.2% (direct 88.9%), missing 1.8%
dusk low surfaces: luminance 0 bounces 2.1722e-3, 1 bounce 2.2830e-3, 8 bounces 2.3058e-3; 1 bounce reaches 99.0% (direct 94.2%), missing 1.0%
dusk low not sunlit: luminance 0 bounces 2.2414e-3, 1 bounce 2.4491e-3, 8 bounces 2.4921e-3; 1 bounce reaches 98.3% (direct 89.9%), missing 1.7%
twilight street surfaces: luminance 0 bounces 9.7911e-5, 1 bounce 1.0502e-4, 8 bounces 1.0668e-4; 1 bounce reaches 98.4% (direct 91.8%), missing 1.6%
twilight street not sunlit: luminance 0 bounces 9.7911e-5, 1 bounce 1.0502e-4, 8 bounces 1.0668e-4; 1 bounce reaches 98.4% (direct 91.8%), missing 1.6%
twilight low surfaces: luminance 0 bounces 1.2490e-4, 1 bounce 1.3181e-4, 8 bounces 1.3330e-4; 1 bounce reaches 98.9% (direct 93.7%), missing 1.1%
twilight low not sunlit: luminance 0 bounces 1.2490e-4, 1 bounce 1.3181e-4, 8 bounces 1.3330e-4; 1 bounce reaches 98.9% (direct 93.7%), missing 1.1%
validation: 0 errors, 0 warnings
ok
test one_bounce_converges_to_the_reference ... dawn street (sky corrected false): image -0.0327 -0.0440 -0.0450 | indirect -0.0197 -0.0354 -0.0403 (bounce share of the reference 7.7%, 10811 px with indirect) bad 0 (data)
dawn low (sky corrected false): image -0.0233 -0.0362 -0.0397 | indirect -0.0240 -0.0379 -0.0441 (bounce share of the reference 5.9%, 7430 px with indirect) bad 0 (data)
  noise dawn street direct: 1-sample relMSE 0.601, mean luminance 7.0851e-3
  noise dawn street bounce: 1-sample relMSE 0.500, mean luminance 7.1613e-3
morning street (sky corrected false): image -0.0075 -0.0199 -0.0308 | indirect +0.0018 -0.0081 -0.0218 (bounce share of the reference 9.2%, 10811 px with indirect) bad 0 pass
morning low (sky corrected false): image -0.0032 -0.0095 -0.0186 | indirect -0.0086 -0.0148 -0.0246 (bounce share of the reference 4.6%, 7430 px with indirect) bad 0 pass
  noise morning street direct: 1-sample relMSE 0.570, mean luminance 1.6796e-2
  noise morning street bounce: 1-sample relMSE 0.460, mean luminance 1.7152e-2
midday street (sky corrected false): image +0.0026 -0.0056 -0.0101 | indirect +0.0048 +0.0004 -0.0043 (bounce share of the reference 11.5%, 10811 px with indirect) bad 0 pass
midday low (sky corrected false): image +0.0004 -0.0018 -0.0038 | indirect -0.0010 -0.0036 -0.0067 (bounce share of the reference 4.2%, 7430 px with indirect) bad 0 pass
  noise midday street direct: 1-sample relMSE 0.740, mean luminance 1.4738e-2
  noise midday street bounce: 1-sample relMSE 0.609, mean luminance 1.5329e-2
dusk street (sky corrected false): image -0.0272 -0.0403 -0.0447 | indirect -0.0175 -0.0328 -0.0397 (bounce share of the reference 7.4%, 10811 px with indirect) bad 0 (data)
dusk low (sky corrected false): image -0.0168 -0.0310 -0.0391 | indirect -0.0176 -0.0347 -0.0440 (bounce share of the reference 4.9%, 7430 px with indirect) bad 0 (data)
  noise dusk street direct: 1-sample relMSE 0.833, mean luminance 4.1097e-3
  noise dusk street bounce: 1-sample relMSE 0.653, mean luminance 4.1929e-3
twilight street (sky corrected false): image -0.0049 +0.0526 +0.1057 | indirect -0.0011 +0.0469 +0.0954 (bounce share of the reference 6.8%, 10811 px with indirect) bad 0 (data)
twilight low (sky corrected false): image -0.0033 +0.0515 +0.1033 | indirect -0.0063 +0.0438 +0.0906 (bounce share of the reference 5.2%, 7430 px with indirect) bad 0 (data)
  noise twilight street direct: 1-sample relMSE 1.214, mean luminance 2.3194e-4
  noise twilight street bounce: 1-sample relMSE 0.996, mean luminance 2.3747e-4
validation: 0 errors, 0 warnings
ok
test one_bounce_equals_the_reference_sample_per_pixel ... street uniform sky: 7 mismatched (0.005%), bad 0, 17722 px changed by the bounce | control bounce off: 17726 mismatched (13.68%)
street point sun 8 h: 0 mismatched (0.000%), bad 0, 5450 px changed by the bounce | control bounce off: 5450 mismatched (4.21%)
street disk sun 8 h: 0 mismatched (0.000%), bad 0, 5452 px changed by the bounce | control bounce off: 5452 mismatched (4.21%)
street point sun 12 h: 0 mismatched (0.000%), bad 0, 3119 px changed by the bounce | control bounce off: 3119 mismatched (2.41%)
street disk sun 12 h: 0 mismatched (0.000%), bad 0, 3187 px changed by the bounce | control bounce off: 3187 mismatched (2.46%)
street point sun 17.75 h: 1 mismatched (0.001%), bad 0, 15787 px changed by the bounce | control bounce off: 15788 mismatched (12.18%)
street disk sun 17.75 h: 1 mismatched (0.001%), bad 0, 15777 px changed by the bounce | control bounce off: 15778 mismatched (12.17%)
low uniform sky: 5 mismatched (0.004%), bad 0, 9889 px changed by the bounce | control bounce off: 9889 mismatched (7.63%)
low point sun 8 h: 2 mismatched (0.002%), bad 0, 4554 px changed by the bounce | control bounce off: 4554 mismatched (3.51%)
low disk sun 8 h: 2 mismatched (0.002%), bad 0, 4560 px changed by the bounce | control bounce off: 4560 mismatched (3.52%)
low point sun 12 h: 1 mismatched (0.001%), bad 0, 3013 px changed by the bounce | control bounce off: 3014 mismatched (2.33%)
low disk sun 12 h: 1 mismatched (0.001%), bad 0, 3123 px changed by the bounce | control bounce off: 3122 mismatched (2.41%)
low point sun 17.75 h: 2 mismatched (0.002%), bad 0, 8253 px changed by the bounce | control bounce off: 8255 mismatched (6.37%)
low disk sun 17.75 h: 2 mismatched (0.002%), bad 0, 8259 px changed by the bounce | control bounce off: 8261 mismatched (6.37%)
overhead uniform sky: 5 mismatched (0.004%), bad 0, 6768 px changed by the bounce | control bounce off: 6771 mismatched (5.22%)
overhead point sun 8 h: 3 mismatched (0.002%), bad 0, 2079 px changed by the bounce | control bounce off: 2080 mismatched (1.60%)
overhead disk sun 8 h: 2 mismatched (0.002%), bad 0, 2080 px changed by the bounce | control bounce off: 2080 mismatched (1.60%)
overhead point sun 12 h: 1 mismatched (0.001%), bad 0, 1485 px changed by the bounce | control bounce off: 1486 mismatched (1.15%)
overhead disk sun 12 h: 1 mismatched (0.001%), bad 0, 1726 px changed by the bounce | control bounce off: 1727 mismatched (1.33%)
overhead point sun 17.75 h: 2 mismatched (0.002%), bad 0, 4344 px changed by the bounce | control bounce off: 4346 mismatched (3.35%)
overhead disk sun 17.75 h: 1 mismatched (0.001%), bad 0, 4346 px changed by the bounce | control bounce off: 4347 mismatched (3.35%)
tally bounce off: 21 of 21 arms fail, 130992 mismatched pixels in total
tally ok: 0 of 21 arms fail, 39 mismatched pixels in total
control: frame 30 against reference frame 29: 9977 mismatched
validation: 0 errors, 0 warnings
ok

test result: ok. 4 passed; 0 failed; 1 ignored; 0 measured; 0 filtered out; finished in 123.79s

