Launching process...
Preparing to launch the GPU Trace Profiler activity on localhost...
Launched process: rt_probe.exe (pid: 2612)
C:/Users/Vuk Trifunovic/Documents/new-engine-starter/new-engine-proposal/phase0-probes/rust/target/release/rt_probe.exe shaders/out/slang_tex results/v4_nsight/bistro_tex.ppm --fbx assets/Bistro_v5_2/BistroExterior.fbx --textures

Attempting to automatically connect...
Searching for attachable processes on localhost:49152-49215...
Searching for attachable processes on localhost:49152-49215...
Attachable process detected: rt_probe.exe (pid: 2612)
- Status: Presenting
- Uptime: 2.43s
Connecting to rt_probe.exe (pid: 2612)...
Session established. Starting activity...
Waiting for target ready...
INFO: Sample duration = 2000ns; Warp State Sampling Interval = 16; GPU PMA Buffer Size (MB) = 4294.9; SOC PMA Buffer Size (MB) = 0 
Waiting for generated GPU Trace report...
Generating a trace after 3000ms with a max duration of 9999ms...
TARGET WARNING: Some periodic sampling data was dropped due to running out of resources. You can change the max trace duration and PM bandwidth limit in the activity launch dialog or on the CLI.
-- Data transfer progress (0)
-- Data transfer progress (0)
-- Data transfer progress (0)
-- Data transfer progress (0)
-- Data transfer progress (0)
-- Data transfer progress (0)
-- Data transfer progress (0)
-- Data transfer progress (0)
-- Data transfer progress (0)
-- Data transfer progress (0)
-- Data transfer progress (0)
-- Data transfer progress (0)
-- Data transfer progress (0)
-- Data transfer progress (0)
-- Data transfer progress (0)
-- Data transfer progress (10)
-- Data transfer progress (10)
-- Data transfer progress (10)
-- Data transfer progress (10)
-- Data transfer progress (10)
-- Data transfer progress (10)
-- Data transfer progress (10)
-- Data transfer progress (10)
-- Data transfer progress (10)
-- Data transfer progress (10)
-- Data transfer progress (10)
-- Data transfer progress (10)
-- Data transfer progress (10)
-- Data transfer progress (10)
-- Data transfer progress (10)
-- Data transfer progress (20)
-- Data transfer progress (20)
-- Data transfer progress (20)
-- Data transfer progress (20)
-- Data transfer progress (20)
-- Data transfer progress (20)
-- Data transfer progress (20)
-- Data transfer progress (20)
-- Data transfer progress (20)
-- Data transfer progress (20)
-- Data transfer progress (20)
-- Data transfer progress (20)
-- Data transfer progress (20)
-- Data transfer progress (20)
-- Data transfer progress (20)
-- Data transfer progress (30)
-- Data transfer progress (30)
-- Data transfer progress (30)
-- Data transfer progress (30)
-- Data transfer progress (30)
-- Data transfer progress (30)
-- Data transfer progress (30)
-- Data transfer progress (30)
-- Data transfer progress (30)
-- Data transfer progress (30)
-- Data transfer progress (30)
-- Data transfer progress (30)
-- Data transfer progress (30)
-- Data transfer progress (30)
-- Data transfer progress (30)
-- Data transfer progress (40)
-- Data transfer progress (40)
-- Data transfer progress (40)
-- Data transfer progress (40)
-- Data transfer progress (40)
-- Data transfer progress (40)
-- Data transfer progress (40)
-- Data transfer progress (40)
-- Data transfer progress (40)
-- Data transfer progress (40)
-- Data transfer progress (40)
-- Data transfer progress (40)
-- Data transfer progress (40)
-- Data transfer progress (40)
-- Data transfer progress (40)
-- Data transfer progress (50)
-- Data transfer progress (50)
-- Data transfer progress (50)
-- Data transfer progress (50)
-- Data transfer progress (50)
-- Data transfer progress (50)
-- Data transfer progress (50)
-- Data transfer progress (50)
-- Data transfer progress (50)
-- Data transfer progress (50)
-- Data transfer progress (50)
-- Data transfer progress (50)
-- Data transfer progress (50)
-- Data transfer progress (50)
-- Data transfer progress (50)
-- Data transfer progress (50)
-- Data transfer progress (60)
-- Data transfer progress (60)
-- Data transfer progress (60)
-- Data transfer progress (60)
-- Data transfer progress (60)
-- Data transfer progress (60)
-- Data transfer progress (60)
-- Data transfer progress (60)
-- Data transfer progress (60)
-- Data transfer progress (60)
-- Data transfer progress (60)
-- Data transfer progress (60)
-- Data transfer progress (60)
-- Data transfer progress (60)
-- Data transfer progress (60)
-- Data transfer progress (60)
-- Data transfer progress (70)
-- Data transfer progress (70)
-- Data transfer progress (70)
-- Data transfer progress (70)
-- Data transfer progress (70)
-- Data transfer progress (70)
-- Data transfer progress (70)
-- Data transfer progress (70)
-- Data transfer progress (70)
-- Data transfer progress (70)
-- Data transfer progress (70)
-- Data transfer progress (70)
-- Data transfer progress (70)
-- Data transfer progress (70)
-- Data transfer progress (70)
-- Data transfer progress (80)
-- Data transfer progress (80)
-- Data transfer progress (80)
-- Data transfer progress (80)
-- Data transfer progress (80)
-- Data transfer progress (80)
-- Data transfer progress (80)
-- Data transfer progress (80)
-- Data transfer progress (80)
-- Data transfer progress (80)
-- Data transfer progress (80)
-- Data transfer progress (80)
-- Data transfer progress (80)
-- Data transfer progress (80)
-- Data transfer progress (80)
-- Data transfer progress (80)
-- Data transfer progress (90)
-- Data transfer progress (90)
-- Data transfer progress (90)
-- Data transfer progress (90)
-- Data transfer progress (90)
-- Data transfer progress (90)
-- Data transfer progress (90)
-- Data transfer progress (90)
-- Data transfer progress (90)
-- Data transfer progress (90)
-- Data transfer progress (90)
-- Data transfer progress (90)
-- Data transfer progress (90)
-- Data transfer progress (90)
-- Data transfer progress (90)
-- Data transfer progress (100)
GPU Trace report saved to C:\Users\Vuk Trifunovic\Documents\new-engine-starter\new-engine-proposal\phase0-probes\results\v4_nsight\bistro_tex\rt_probe_2026_09_23_00_23_34.ngfx-gputrace
Opening generated GPU Trace report...
-- Loading progress (100)
-- Loading progress (100)
-- Loading progress (100)
-- Loading progress (100)
{"probe":"rust","textured":true,"opaque_tris":2317855,"alpha_tris":514265,"textures_uploaded":405,"texture_payload_mib":925.4,"texture_alloc_mib":926.2,"host_texture_ms":3961.6,"scene":"fbx","camera":"Camera","sun":"","sun_dir":[-0.0000,0.8764,0.4816],"fbx_lights":1,"device":"NVIDIA GeForce RTX 3050 Laptop GPU","driver_api":"1.4.351","shader_dir":"shaders/out/slang_tex","width":1280,"height":720,"triangles":2832120,"vertices":2077661,"fbx_meshes":1296,"fbx_nodes":1300,"fbx_cameras":1,"fbx_textures":405,"validation":false,"validation_errors":0,"validation_warnings":0,"geometry_mib":99.40,"blas_mib":182.33,"blas_compacted_mib":80.09,"blas_scratch_mib":146.45,"tlas_bytes":2048,"vram_before_mib":10.7,"vram_resident_mib":1331.5,"vram_budget_mib":3367.7,"host_scene_ms":1153.1,"host_startup_to_device_ms":1140.8,"host_upload_ms":5238.5,"host_as_total_ms":9259.7,"host_pipeline_create_ms":253.693,"host_total_ms":11847.2,"gpu_as_build_ms":37.984,"gpu_trace_cold_ms":2.137,"gpu_trace_warm_median_ms":2.118,"gpu_trace_warm_min_ms":2.115,"gpu_trace_warm_max_ms":2.123}
Activity session destroyed, connection error encountered.
-- Loading progress (10)
-- Loading progress (20)
-- Loading progress (30)
-- Loading progress (40)
-- Loading progress (50)
-- Loading progress (60)
-- Loading progress (70)
-- Loading progress (80)
-- Loading progress (90)
-- Loading progress (100)
Succeeded to export data:
    C:\Users\Vuk Trifunovic\Documents\new-engine-starter\new-engine-proposal\phase0-probes\results\v4_nsight\bistro_tex\ReportGeneratorTags.txt
    C:\Users\Vuk Trifunovic\Documents\new-engine-starter\new-engine-proposal\phase0-probes\results\v4_nsight\bistro_tex\BASE\REPRO_INFO.xls
    C:\Users\Vuk Trifunovic\Documents\new-engine-starter\new-engine-proposal\phase0-probes\results\v4_nsight\bistro_tex\BASE\D3DPERF_EVENTS.xls
    C:\Users\Vuk Trifunovic\Documents\new-engine-starter\new-engine-proposal\phase0-probes\results\v4_nsight\bistro_tex\BASE\FRAME.xls
    C:\Users\Vuk Trifunovic\Documents\new-engine-starter\new-engine-proposal\phase0-probes\results\v4_nsight\bistro_tex\BASE\GPUTRACE_FRAME.xls
    C:\Users\Vuk Trifunovic\Documents\new-engine-starter\new-engine-proposal\phase0-probes\results\v4_nsight\bistro_tex\BASE\GPUTRACE_REGIMES.xls
Terminating process...
