warning: manual implementation of `.is_multiple_of()`
  --> world\src\dims.rs:26:23
   |
26 | const _: () = assert!(BRICK_VOXELS % 64 == 0, "occupancy mask must be whole u64 words");
   |                       ^^^^^^^^^^^^^^^^^^^^^^ help: replace with: `BRICK_VOXELS.is_multiple_of(64)`
   |
   = help: for further information visit https://rust-lang.github.io/rust-clippy/rust-1.98.0/index.html#manual_is_multiple_of
   = note: `#[warn(clippy::manual_is_multiple_of)]` on by default

warning: the loop variable `a` is used to index `c`
  --> world\src\reference.rs:74:14
   |
74 |     for a in 0..3 {
   |              ^^^^
   |
   = help: for further information visit https://rust-lang.github.io/rust-clippy/rust-1.98.0/index.html#needless_range_loop
   = note: `#[warn(clippy::needless_range_loop)]` on by default
help: consider using an iterator and enumerate()
   |
74 -     for a in 0..3 {
74 +     for (a, <item>) in c.iter().enumerate() {
   |

warning: `world` (lib) generated 2 warnings (run `cargo clippy --fix --lib -p world -- ` to apply 1 suggestion)
    Checking gpu v0.1.0 (C:\Users\Vuk Trifunovic\Documents\new-engine-starter\new-engine-proposal\engine\gpu)
warning: manual implementation of `.is_multiple_of()`
  --> world\tests\reference_agreement.rs:54:50
   |
54 |         2 => dir[(rng.next() % 3) as usize] = if rng.next() % 2 == 0 { 1.0 } else { -1.0 },
   |                                                  ^^^^^^^^^^^^^^^^^^^ help: replace with: `rng.next().is_multiple_of(2)`
   |
   = help: for further information visit https://rust-lang.github.io/rust-clippy/rust-1.98.0/index.html#manual_is_multiple_of
   = note: `#[warn(clippy::manual_is_multiple_of)]` on by default

warning: manual implementation of `.is_multiple_of()`
  --> world\tests\reference_agreement.rs:96:32
   |
96 |                 let t_max = if rng.next() % 4 == 0 {
   |                                ^^^^^^^^^^^^^^^^^^^ help: replace with: `rng.next().is_multiple_of(4)`
   |
   = help: for further information visit https://rust-lang.github.io/rust-clippy/rust-1.98.0/index.html#manual_is_multiple_of

warning: `world` (test "reference_agreement") generated 2 warnings (run `cargo clippy --fix --test "reference_agreement" -p world -- ` to apply 2 suggestions)
warning: manual implementation of `.is_multiple_of()`
  --> world\tests\persist.rs:34:20
   |
34 |         let m = if rng.next() % 4 == 0 { None } else { Some(ids[(rng.next() % ids.len() as u64) as usize]) };
   |                    ^^^^^^^^^^^^^^^^^^^ help: replace with: `rng.next().is_multiple_of(4)`
   |
   = help: for further information visit https://rust-lang.github.io/rust-clippy/rust-1.98.0/index.html#manual_is_multiple_of
   = note: `#[warn(clippy::manual_is_multiple_of)]` on by default

warning: manual implementation of `.is_multiple_of()`
  --> world\tests\persist.rs:36:12
   |
36 |         if rng.next() % 3 == 0 {
   |            ^^^^^^^^^^^^^^^^^^^ help: replace with: `rng.next().is_multiple_of(3)`
   |
   = help: for further information visit https://rust-lang.github.io/rust-clippy/rust-1.98.0/index.html#manual_is_multiple_of

warning: `world` (test "persist") generated 2 warnings (run `cargo clippy --fix --test "persist" -p world -- ` to apply 2 suggestions)
    Checking viewer v0.1.0 (C:\Users\Vuk Trifunovic\Documents\new-engine-starter\new-engine-proposal\engine\viewer)
warning: `world` (lib test) generated 2 warnings (2 duplicates)
    Finished `release` profile [optimized] target(s) in 2.01s
