 Downloading crates ...
  Downloaded ab_glyph v0.2.32
  Downloaded find-msvc-tools v0.1.13
  Downloaded getrandom v0.3.4
  Downloaded calloop-wayland-source v0.3.0
  Downloaded ttf-parser v0.25.1
  Downloaded ahash v0.8.12
  Downloaded gethostname v1.1.0
  Downloaded owned_ttf_parser v0.25.1
  Downloaded as-raw-xcb-connection v1.0.1
  Downloaded cfg_aliases v0.2.2
  Downloaded dlib v0.5.3
  Downloaded errno v0.3.14
  Downloaded cursor-icon v1.2.0
  Downloaded percent-encoding v2.3.2
  Downloaded ash-window v0.13.0
  Downloaded pkg-config v0.3.34
  Downloaded slab v0.4.12
  Downloaded jobserver v0.1.35
  Downloaded pin-project-lite v0.2.17
  Downloaded ab_glyph_rasterizer v0.1.10
  Downloaded raw-window-handle v0.6.2
  Downloaded downcast-rs v1.2.1
  Downloaded scoped-tls v1.0.1
  Downloaded strict-num v0.1.1
  Downloaded bitflags v2.13.2
  Downloaded serde_core v1.0.229
  Downloaded shlex v2.0.1
  Downloaded wayland-protocols-wlr v0.3.12
  Downloaded arrayvec v0.7.8
  Downloaded bytemuck v1.25.2
  Downloaded proc-macro2 v1.0.107
  Downloaded wayland-csd-frame v0.3.0
  Downloaded smol_str v0.2.2
  Downloaded version_check v0.9.5
  Downloaded arrayref v0.3.9
  Downloaded dpi v0.1.2
  Downloaded wayland-sys v0.31.11
  Downloaded xcursor v0.3.11
  Downloaded wayland-cursor v0.31.14
  Downloaded xkbcommon-dl v0.4.2
  Downloaded thiserror-impl v1.0.69
  Downloaded memmap2 v0.9.11
  Downloaded thiserror v1.0.69
  Downloaded quote v1.0.47
  Downloaded sctk-adwaita v0.10.1
  Downloaded once_cell v1.21.4
  Downloaded unicode-ident v1.0.26
  Downloaded log v0.4.34
  Downloaded wayland-protocols-plasma v0.3.12
  Downloaded wayland-scanner v0.31.11
  Downloaded cc v1.4.7
  Downloaded polling v3.11.0
  Downloaded tiny-skia-path v0.11.4
  Downloaded calloop v0.13.0
  Downloaded x11-dl v2.21.0
  Downloaded tracing-core v0.1.36
  Downloaded smallvec v1.16.1
  Downloaded serde v1.0.229
  Downloaded wayland-backend v0.3.17
  Downloaded wayland-client v0.31.15
  Downloaded memchr v2.8.3
  Downloaded xkeysym v0.2.1
  Downloaded smithay-client-toolkit v0.19.2
  Downloaded quick-xml v0.41.0
  Downloaded wayland-protocols v0.32.13
  Downloaded tiny-skia v0.11.4
  Downloaded x11rb v0.13.2
  Downloaded syn v2.0.119
  Downloaded zerocopy v0.8.57
  Downloaded rustix v0.38.44
  Downloaded tracing v0.1.44
  Downloaded rustix v1.1.5
  Downloaded x11rb-protocol v0.13.2
  Downloaded winit v0.30.13
  Downloaded libc v0.2.189
  Downloaded linux-raw-sys v0.4.15
  Downloaded linux-raw-sys v0.12.1
    Checking memory v0.1.0 (/home/user/new_engine_probably/engine/memory)
    Checking cfg-if v1.0.5
    Checking libloading v0.8.9
    Checking ash v0.38.0+1.3.281
    Checking world v0.1.0 (/home/user/new_engine_probably/engine/world)
warning: manual implementation of `.is_multiple_of()`
  --> world/src/dims.rs:26:23
   |
26 | const _: () = assert!(BRICK_VOXELS % 64 == 0, "occupancy mask must be whole u64 words");
   |                       ^^^^^^^^^^^^^^^^^^^^^^ help: replace with: `BRICK_VOXELS.is_multiple_of(64)`
   |
   = help: for further information visit https://rust-lang.github.io/rust-clippy/rust-1.98.0/index.html#manual_is_multiple_of
   = note: `#[warn(clippy::manual_is_multiple_of)]` on by default

warning: the loop variable `a` is used to index `c`
  --> world/src/reference.rs:74:14
   |
74 |     for a in 0..3 {
   |              ^^^^
   |
   = help: for further information visit https://rust-lang.github.io/rust-clippy/rust-1.98.0/index.html#needless_range_loop
   = note: `#[warn(clippy::needless_range_loop)]` on by default
help: consider using an iterator and enumerate()
   |
74 -     for a in 0..3 {
74 +     for (a, <item>) in c.iter().enumerate() {
   |

warning: `world` (lib) generated 2 warnings (run `cargo clippy --fix --lib -p world -- ` to apply 1 suggestion)
    Checking derived v0.1.0 (/home/user/new_engine_probably/engine/derived)
    Checking light v0.1.0 (/home/user/new_engine_probably/engine/light)
   Compiling gpu v0.1.0 (/home/user/new_engine_probably/engine/gpu)
    Checking bitflags v2.13.2
   Compiling proc-macro2 v1.0.107
   Compiling pkg-config v0.3.34
   Compiling rustix v1.1.5
   Compiling quote v1.0.47
   Compiling unicode-ident v1.0.26
    Checking once_cell v1.21.4
    Checking linux-raw-sys v0.12.1
    Checking log v0.4.34
   Compiling shlex v2.0.1
   Compiling find-msvc-tools v0.1.13
   Compiling wayland-sys v0.31.11
    Checking dlib v0.5.3
   Compiling cc v1.4.7
    Checking scoped-tls v1.0.1
    Checking smallvec v1.16.1
    Checking downcast-rs v1.2.1
   Compiling memchr v2.8.3
   Compiling quick-xml v0.41.0
   Compiling wayland-backend v0.3.17
   Compiling wayland-client v0.31.15
   Compiling libc v0.2.189
   Compiling wayland-scanner v0.31.11
   Compiling syn v2.0.119
   Compiling rustix v0.38.44
   Compiling thiserror v1.0.69
    Checking linux-raw-sys v0.4.15
   Compiling thiserror-impl v1.0.69
    Checking wayland-protocols v0.32.13
    Checking polling v3.11.0
    Checking slab v0.4.12
    Checking calloop v0.13.0
    Checking xcursor v0.3.11
    Checking bytemuck v1.25.2
    Checking cursor-icon v1.2.0
    Checking xkeysym v0.2.1
   Compiling version_check v0.9.5
    Checking arrayref v0.3.9
    Checking strict-num v0.1.1
   Compiling getrandom v0.3.4
    Checking ttf-parser v0.25.1
   Compiling smithay-client-toolkit v0.19.2
   Compiling zerocopy v0.8.57
    Checking wayland-protocols-wlr v0.3.12
    Checking owned_ttf_parser v0.25.1
    Checking tiny-skia-path v0.11.4
   Compiling ahash v0.8.12
    Checking wayland-csd-frame v0.3.0
    Checking wayland-cursor v0.31.14
    Checking calloop-wayland-source v0.3.0
    Checking memmap2 v0.9.11
   Compiling x11-dl v2.21.0
   Compiling cfg_aliases v0.2.2
    Checking arrayvec v0.7.8
    Checking ab_glyph_rasterizer v0.1.10
    Checking ab_glyph v0.2.32
    Checking tiny-skia v0.11.4
   Compiling winit v0.30.13
    Checking gethostname v1.1.0
    Checking raw-window-handle v0.6.2
    Checking tracing-core v0.1.36
    Checking as-raw-xcb-connection v1.0.1
    Checking x11rb-protocol v0.13.2
    Checking pin-project-lite v0.2.17
    Checking tracing v0.1.44
    Checking sctk-adwaita v0.10.1
    Checking wayland-protocols-plasma v0.3.12
    Checking xkbcommon-dl v0.4.2
    Checking walk v0.1.0 (/home/user/new_engine_probably/engine/walk)
    Checking smol_str v0.2.2
    Checking dpi v0.1.2
    Checking percent-encoding v2.3.2
    Checking ash-window v0.13.0
    Checking x11rb v0.13.2
    Checking viewer v0.1.0 (/home/user/new_engine_probably/engine/viewer)
warning: manual implementation of `.is_multiple_of()`
  --> world/tests/persist.rs:34:20
   |
34 |         let m = if rng.next() % 4 == 0 { None } else { Some(ids[(rng.next() % ids.len() as u64) as usize]) };
   |                    ^^^^^^^^^^^^^^^^^^^ help: replace with: `rng.next().is_multiple_of(4)`
   |
   = help: for further information visit https://rust-lang.github.io/rust-clippy/rust-1.98.0/index.html#manual_is_multiple_of
   = note: `#[warn(clippy::manual_is_multiple_of)]` on by default

warning: manual implementation of `.is_multiple_of()`
  --> world/tests/persist.rs:36:12
   |
36 |         if rng.next() % 3 == 0 {
   |            ^^^^^^^^^^^^^^^^^^^ help: replace with: `rng.next().is_multiple_of(3)`
   |
   = help: for further information visit https://rust-lang.github.io/rust-clippy/rust-1.98.0/index.html#manual_is_multiple_of

warning: `world` (test "persist") generated 2 warnings (run `cargo clippy --fix --test "persist" -p world -- ` to apply 2 suggestions)
warning: manual implementation of `.is_multiple_of()`
  --> world/tests/reference_agreement.rs:54:50
   |
54 |         2 => dir[(rng.next() % 3) as usize] = if rng.next() % 2 == 0 { 1.0 } else { -1.0 },
   |                                                  ^^^^^^^^^^^^^^^^^^^ help: replace with: `rng.next().is_multiple_of(2)`
   |
   = help: for further information visit https://rust-lang.github.io/rust-clippy/rust-1.98.0/index.html#manual_is_multiple_of
   = note: `#[warn(clippy::manual_is_multiple_of)]` on by default

warning: manual implementation of `.is_multiple_of()`
  --> world/tests/reference_agreement.rs:96:32
   |
96 |                 let t_max = if rng.next() % 4 == 0 {
   |                                ^^^^^^^^^^^^^^^^^^^ help: replace with: `rng.next().is_multiple_of(4)`
   |
   = help: for further information visit https://rust-lang.github.io/rust-clippy/rust-1.98.0/index.html#manual_is_multiple_of

warning: `world` (test "reference_agreement") generated 2 warnings (run `cargo clippy --fix --test "reference_agreement" -p world -- ` to apply 2 suggestions)
warning: `world` (lib test) generated 2 warnings (2 duplicates)
    Finished `release` profile [optimized] target(s) in 39.98s
