    Checking memory v0.1.0 (/home/user/new_engine_probably/engine/memory)
    Checking cfg-if v1.0.5
    Checking libloading v0.8.9
    Checking ash v0.38.0+1.3.281
    Checking world v0.1.0 (/home/user/new_engine_probably/engine/world)
warning: manual implementation of `.is_multiple_of()`
  --> world/src/dims.rs:26:23
   |
26 | const _: () = assert!(BRICK_VOXELS % 64 == 0, "occupancy mask must be whole u64 words");
   |                       ^^^^^^^^^^^^^^^^^^^^^^ help: replace with: `BRICK_VOXELS.is_multiple_of(64)`
   |
   = help: for further information visit https://rust-lang.github.io/rust-clippy/rust-1.98.0/index.html#manual_is_multiple_of
   = note: `#[warn(clippy::manual_is_multiple_of)]` on by default

warning: the loop variable `a` is used to index `c`
  --> world/src/reference.rs:74:14
   |
74 |     for a in 0..3 {
   |              ^^^^
   |
   = help: for further information visit https://rust-lang.github.io/rust-clippy/rust-1.98.0/index.html#needless_range_loop
   = note: `#[warn(clippy::needless_range_loop)]` on by default
help: consider using an iterator and enumerate()
   |
74 -     for a in 0..3 {
74 +     for (a, <item>) in c.iter().enumerate() {
   |

warning: `world` (lib) generated 2 warnings (run `cargo clippy --fix --lib -p world -- ` to apply 1 suggestion)
    Checking derived v0.1.0 (/home/user/new_engine_probably/engine/derived)
    Checking light v0.1.0 (/home/user/new_engine_probably/engine/light)
   Compiling gpu v0.1.0 (/home/user/new_engine_probably/engine/gpu)
    Checking bitflags v2.13.2
    Checking once_cell v1.21.4
    Checking linux-raw-sys v0.12.1
    Checking rustix v1.1.5
    Checking log v0.4.34
    Checking dlib v0.5.3
    Checking wayland-sys v0.31.11
    Checking smallvec v1.16.1
    Checking downcast-rs v1.2.1
    Checking scoped-tls v1.0.1
    Checking wayland-backend v0.3.17
    Checking libc v0.2.189
    Checking wayland-client v0.31.15
    Checking linux-raw-sys v0.4.15
    Checking rustix v0.38.44
    Checking wayland-protocols v0.32.13
    Checking thiserror v1.0.69
    Checking polling v3.11.0
    Checking slab v0.4.12
    Checking calloop v0.13.0
    Checking arrayref v0.3.9
    Checking strict-num v0.1.1
    Checking ttf-parser v0.25.1
    Checking cursor-icon v1.2.0
    Checking xcursor v0.3.11
    Checking xkeysym v0.2.1
    Checking bytemuck v1.25.2
    Checking owned_ttf_parser v0.25.1
    Checking tiny-skia-path v0.11.4
    Checking wayland-cursor v0.31.14
    Checking wayland-csd-frame v0.3.0
    Checking wayland-protocols-wlr v0.3.12
    Checking calloop-wayland-source v0.3.0
    Checking memmap2 v0.9.11
    Checking arrayvec v0.7.8
    Checking ab_glyph_rasterizer v0.1.10
    Checking ab_glyph v0.2.32
    Checking tiny-skia v0.11.4
    Checking smithay-client-toolkit v0.19.2
    Checking getrandom v0.3.4
    Checking zerocopy v0.8.57
    Checking gethostname v1.1.0
    Checking x11rb-protocol v0.13.2
    Checking as-raw-xcb-connection v1.0.1
    Checking tracing-core v0.1.36
    Checking raw-window-handle v0.6.2
    Checking pin-project-lite v0.2.17
    Checking tracing v0.1.44
    Checking ahash v0.8.12
    Checking sctk-adwaita v0.10.1
    Checking x11-dl v2.21.0
    Checking xkbcommon-dl v0.4.2
    Checking wayland-protocols-plasma v0.3.12
    Checking walk v0.1.0 (/home/user/new_engine_probably/engine/walk)
    Checking dpi v0.1.2
    Checking smol_str v0.2.2
    Checking percent-encoding v2.3.2
    Checking ash-window v0.13.0
    Checking x11rb v0.13.2
warning: using `chunks_exact` with a constant chunk size
   --> gpu/tests/denoise_model.rs:134:12
    |
134 |     Some(b.chunks_exact(4).map(|c| f32::from_le_bytes([c[0], c[1], c[2], c[3]])).collect())
    |            ^^^^^^^^^^^^^^^ help: consider using `as_chunks` instead: `as_chunks::<4>().0.iter()`
    |
    = help: for further information visit https://rust-lang.github.io/rust-clippy/rust-1.98.0/index.html#chunks_exact_to_as_chunks
    = note: `#[warn(clippy::chunks_exact_to_as_chunks)]` on by default

warning: `gpu` (test "denoise_model") generated 1 warning (run `cargo clippy --fix --test "denoise_model" -p gpu -- ` to apply 1 suggestion)
    Checking winit v0.30.13
    Checking viewer v0.1.0 (/home/user/new_engine_probably/engine/viewer)
warning: manual implementation of `.is_multiple_of()`
  --> world/tests/reference_agreement.rs:54:50
   |
54 |         2 => dir[(rng.next() % 3) as usize] = if rng.next() % 2 == 0 { 1.0 } else { -1.0 },
   |                                                  ^^^^^^^^^^^^^^^^^^^ help: replace with: `rng.next().is_multiple_of(2)`
   |
   = help: for further information visit https://rust-lang.github.io/rust-clippy/rust-1.98.0/index.html#manual_is_multiple_of
   = note: `#[warn(clippy::manual_is_multiple_of)]` on by default

warning: manual implementation of `.is_multiple_of()`
  --> world/tests/reference_agreement.rs:96:32
   |
96 |                 let t_max = if rng.next() % 4 == 0 {
   |                                ^^^^^^^^^^^^^^^^^^^ help: replace with: `rng.next().is_multiple_of(4)`
   |
   = help: for further information visit https://rust-lang.github.io/rust-clippy/rust-1.98.0/index.html#manual_is_multiple_of

warning: `world` (test "reference_agreement") generated 2 warnings (run `cargo clippy --fix --test "reference_agreement" -p world -- ` to apply 2 suggestions)
warning: manual implementation of `.is_multiple_of()`
  --> world/tests/persist.rs:34:20
   |
34 |         let m = if rng.next() % 4 == 0 { None } else { Some(ids[(rng.next() % ids.len() as u64) as usize]) };
   |                    ^^^^^^^^^^^^^^^^^^^ help: replace with: `rng.next().is_multiple_of(4)`
   |
   = help: for further information visit https://rust-lang.github.io/rust-clippy/rust-1.98.0/index.html#manual_is_multiple_of
   = note: `#[warn(clippy::manual_is_multiple_of)]` on by default

warning: manual implementation of `.is_multiple_of()`
  --> world/tests/persist.rs:36:12
   |
36 |         if rng.next() % 3 == 0 {
   |            ^^^^^^^^^^^^^^^^^^^ help: replace with: `rng.next().is_multiple_of(3)`
   |
   = help: for further information visit https://rust-lang.github.io/rust-clippy/rust-1.98.0/index.html#manual_is_multiple_of

warning: `world` (test "persist") generated 2 warnings (run `cargo clippy --fix --test "persist" -p world -- ` to apply 2 suggestions)
warning: `world` (lib test) generated 2 warnings (2 duplicates)
    Finished `release` profile [optimized] target(s) in 49.53s
