cargo :    Compiling world v0.1.0 (C:\Users\Vuk 
Trifunovic\Documents\new-engine-starter\new-engine-proposal\engine\world)
At line:1 char:388
+ ... al\engine"; cargo test --release -j 2 -p derived -- --nocapture *> re ...
+                 ~~~~~~~~~~~~~~~~~~~~~~~~~~~~~~~~~~~~~~~~~~~~~~~~~~~~~~~~~
    + CategoryInfo          : NotSpecified: (   Compiling wo...l\engine\world):String) [], RemoteException
    + FullyQualifiedErrorId : NativeCommandError
 
   Compiling derived v0.1.0 (C:\Users\Vuk Trifunovic\Documents\new-engine-starter\new-engine-proposal\engine\derived)
    Finished `release` profile [optimized] target(s) in 7.68s
     Running unittests src\lib.rs (target\release\deps\derived-9ea8b217060ea9a5.exe)

running 8 tests
test slots::tests::double_free_and_stale_free_are_rejected ... ok
test surface::tests::affected_keys_interior_edge_and_corner ... ok
test surface::tests::stale_detection_names_the_changed_input ... ok
test slots::tests::exhausted_generation_retires_the_slot ... ok
test slots::tests::freed_handle_stops_resolving_and_reuse_gets_a_new_generation ... ok
test surface::tests::neighbour_brick_hides_boundary_faces ... ok
test slots::tests::free_slots_are_reused_lowest_first ... ok
test surface::tests::single_and_adjacent_voxels ... ok

test result: ok. 8 passed; 0 failed; 0 ignored; 0 measured; 0 filtered out; finished in 0.00s

     Running tests\scenarios.rs (target\release\deps\scenarios-cd0c931edce2ad54.exe)

running 10 tests
test boundary_edit_rederives_the_neighbour_and_removes_empty_bricks ... ok
test initial_population_matches_oracle ... ok
test neighbour_interior_change_makes_the_result_stale ... ok
test negative_control_missing_neighbour_dirty_is_caught ... ok
test negative_control_retiring_without_readers_is_caught ... ok
test overload_is_bounded_lossless_and_deterministic ... ok
test publication_holds_the_prior_snapshot_until_the_whole_set_is_ready ... ok
test redirtied_target_cancels_the_in_flight_job ... ok
test retirement_waits_for_readers_and_reused_slots_reject_old_handles ... ok
test duplicate_completion_is_rejected ... ok

test result: ok. 10 passed; 0 failed; 0 ignored; 0 measured; 0 filtered out; finished in 0.01s

     Running tests\stress.rs (target\release\deps\stress-a5de3bbd37402f39.exe)

running 5 tests
seed 0x1: Stats { dirtied: 7852, coalesced: 6670, overflow_deferred: 2158, max_queue: 8, max_overflow: 388, dispatched: 2166, accepted: 1905, rejected_cancelled: 114, rejected_stale: 147, rejected_stale_at_publish: 837, rejected_unknown: 0, staged_discarded: 642, publish_deferred: 667, published: 1, retired: 0, freed: 0 }, publishes checked 1, reader reads checked 134192

thread 'random_interleavings_keep_every_invariant' (20748) panicked at derived\tests\stress.rs:142:9:
seed 0x1
note: run with `RUST_BACKTRACE=1` environment variable to display a backtrace
test random_interleavings_keep_every_invariant ... FAILED
test stress_is_deterministic ... ok
skip_neighbour_dirty: detected on 0 of 4 seeds; first: None
test negative_controls_each_guard_is_needed ... FAILED

thread 'negative_controls_each_guard_is_needed' (19392) panicked at derived\tests\stress.rs:167:9:
skip_neighbour_dirty: the invariants never failed, so they cannot detect this fault
test cancellation_and_stale_check_are_independent_guards ... ok
threaded: Stats { dirtied: 1162, coalesced: 77, overflow_deferred: 494, max_queue: 16, max_overflow: 200, dispatched: 1293, accepted: 1269, rejected_cancelled: 11, rejected_stale: 13, rejected_stale_at_publish: 195, rejected_unknown: 0, staged_discarded: 147, publish_deferred: 796, published: 115, retired: 618, freed: 618 }, publishes checked 115
test threaded_workers_with_random_delays ... ok

failures:

failures:
    negative_controls_each_guard_is_needed
    random_interleavings_keep_every_invariant

test result: FAILED. 3 passed; 2 failed; 0 ignored; 0 measured; 0 filtered out; finished in 1.01s

error: test failed, to rerun pass `-p derived --test stress`
