slices 0..1 (-6° to -6°): 1024 texels x 67108864 samples, 32 replicas, seed 0x5c0
  8388608 / 67108864, 51 s
  16777216 / 67108864, 100 s
  25165824 / 67108864, 151 s
  33554432 / 67108864, 201 s
  41943040 / 67108864, 252 s
  50331648 / 67108864, 303 s
  58720256 / 67108864, 354 s
  67108864 / 67108864, 405 s
  404.7 s (170 M samples/s)
slices 1..2 (-5° to -5°): 1024 texels x 33554432 samples, 32 replicas, seed 0x5c0
  4194304 / 33554432, 431 s
  8388608 / 33554432, 458 s
  12582912 / 33554432, 485 s
  16777216 / 33554432, 511 s
  20971520 / 33554432, 538 s
  25165824 / 33554432, 565 s
  29360128 / 33554432, 592 s
  33554432 / 33554432, 618 s
  213.5 s (161 M samples/s)
slices 2..3 (-4° to -4°): 1024 texels x 16777216 samples, 32 replicas, seed 0x5c0
  2097152 / 16777216, 632 s
  4194304 / 16777216, 646 s
  6291456 / 16777216, 660 s
  8388608 / 16777216, 674 s
  10485760 / 16777216, 688 s
  12582912 / 16777216, 702 s
  14680064 / 16777216, 716 s
  16777216 / 16777216, 730 s
  111.9 s (153 M samples/s)
slices 3..4 (-3° to -3°): 1024 texels x 4194304 samples, 32 replicas, seed 0x5c0
  524288 / 4194304, 734 s
  1048576 / 4194304, 738 s
  1572864 / 4194304, 741 s
  2097152 / 4194304, 745 s
  2621440 / 4194304, 749 s
  3145728 / 4194304, 752 s
  3670016 / 4194304, 756 s
  4194304 / 4194304, 760 s
  29.4 s (146 M samples/s)
slices 4..11 (-2° to 4°): 7168 texels x 2097152 samples, 8 replicas, seed 0x5c0
  262144 / 2097152, 775 s
  524288 / 2097152, 790 s
  786432 / 2097152, 804 s
  1048576 / 2097152, 819 s
  1310720 / 2097152, 834 s
  1572864 / 2097152, 849 s
  1835008 / 2097152, 864 s
  2097152 / 2097152, 879 s
  119.6 s (126 M samples/s)
slices 11..33 (5° to 90°): 22528 texels x 1048576 samples, 2 replicas, seed 0x5c0
  131072 / 1048576, 905 s
  262144 / 1048576, 931 s
  393216 / 1048576, 956 s
  524288 / 1048576, 982 s
  655360 / 1048576, 1008 s
  786432 / 1048576, 1033 s
  917504 / 1048576, 1059 s
  1048576 / 1048576, 1085 s
  205.5 s (115 M samples/s)
exit 0
