== gate rep 1 fifo walk lit 1920x1080 3000 frames NE_NO_VALIDATION
device "NVIDIA GeForce RTX 3050 Laptop GPU", validation false
meshes: merge greedy region chunk: 291 regions, 10503 quads, 275890 triangles, 6791664 B device, snapshot 1, built in 0.11 s
swapchain B8G8R8A8_SRGB SRGB_NONLINEAR, 3 images 1920x1080, present FIFO (asked FIFO); ~24883200 B driver-owned, not in the ledger
ledger live: GpuMesh 6819376 B, GpuMaterial 544 B, GpuTemporal 39813120 B (targets 39813120 B), Staging 16777216 B
{"run":"viewer","device":"NVIDIA GeForce RTX 3050 Laptop GPU","validation":false,"merge":"greedy","region":"chunk","present":"FIFO","extent":[1920,1080],"frames":3000,"frames_in_flight":2,"swapchain_recreates":1,"scripted":true,"cycle_views":false,"triangles":275890,"snapshot":1,"frame_ms":{"n":2999,"mean":6.980,"p50":6.945,"p99":9.395,"max":19.402},"gpu_ms":{"gbuffer":{"n":2998,"mean":0.142,"p50":0.073,"p99":0.360,"max":0.389},"debug_view":{"n":2998,"mean":0.078,"p50":0.051,"p99":0.141,"max":0.142}},"mode":"walk","view":"lit","refresh_mhz":144000,"focus_lost":0,"occluded":0,"phases_ms":{"begin":{"n":3000,"mean":6.565,"p50":6.552,"p99":8.451,"max":16.126},"acquire":{"n":3000,"mean":0.033,"p50":0.028,"p99":0.093,"max":0.430},"present":{"n":3000,"mean":0.195,"p50":0.189,"p99":0.407,"max":12.377},"inside":{"n":3000,"mean":6.918,"p50":6.890,"p99":9.202,"max":19.317},"over_16_7":1,"over_33_3":0,"slow_cols":"frame,interval,begin,acquire,present,inside,outside","slow":[[776,19.40,15.32,0.04,3.78,19.32,0.09]]},"walk":{"feet":[-26.9867,-21.1188,14.7200],"grounded":false,"substeps":12000,"steps_up":2,"snaps_down":0,"jumps":3,"voxels_tested":1177048,"overlap_frames":0,"respawns":10,"update_ms":{"n":3000,"mean":0.006,"p50":0.005,"p99":0.064,"max":0.426}},"validation_errors":0,"validation_warnings":0,"readers_held_at_exit":2}
exit 0
== gate rep 1 mailbox walk lit 1920x1080 3000 frames NE_NO_VALIDATION
device "NVIDIA GeForce RTX 3050 Laptop GPU", validation false
meshes: merge greedy region chunk: 291 regions, 10503 quads, 275890 triangles, 6791664 B device, snapshot 1, built in 0.12 s
swapchain B8G8R8A8_SRGB SRGB_NONLINEAR, 3 images 1920x1080, present MAILBOX (asked MAILBOX); ~24883200 B driver-owned, not in the ledger
ledger live: GpuMesh 6819376 B, GpuMaterial 544 B, GpuTemporal 39813120 B (targets 39813120 B), Staging 16777216 B
{"run":"viewer","device":"NVIDIA GeForce RTX 3050 Laptop GPU","validation":false,"merge":"greedy","region":"chunk","present":"MAILBOX","extent":[1920,1080],"frames":3000,"frames_in_flight":2,"swapchain_recreates":1,"scripted":true,"cycle_views":false,"triangles":275890,"snapshot":1,"frame_ms":{"n":2999,"mean":3.485,"p50":1.641,"p99":6.995,"max":18.334},"gpu_ms":{"gbuffer":{"n":2998,"mean":0.128,"p50":0.070,"p99":0.310,"max":0.645},"debug_view":{"n":2998,"mean":0.073,"p50":0.051,"p99":0.129,"max":0.130}},"mode":"walk","view":"lit","refresh_mhz":144000,"focus_lost":0,"occluded":0,"phases_ms":{"begin":{"n":3000,"mean":0.023,"p50":0.017,"p99":0.096,"max":0.889},"acquire":{"n":3000,"mean":3.185,"p50":1.214,"p99":6.469,"max":17.988},"present":{"n":3000,"mean":0.087,"p50":0.078,"p99":0.214,"max":0.829},"inside":{"n":3000,"mean":3.427,"p50":1.481,"p99":6.824,"max":18.250},"over_16_7":1,"over_33_3":0,"slow_cols":"frame,interval,begin,acquire,present,inside,outside","slow":[[16,18.33,0.01,17.99,0.15,18.25,0.08]]},"walk":{"feet":[-26.9867,-21.1188,14.7200],"grounded":false,"substeps":12000,"steps_up":2,"snaps_down":0,"jumps":3,"voxels_tested":1177048,"overlap_frames":0,"respawns":10,"update_ms":{"n":3000,"mean":0.006,"p50":0.005,"p99":0.064,"max":0.154}},"validation_errors":0,"validation_warnings":0,"readers_held_at_exit":2}
exit 0
== gate rep 2 fifo walk lit 1920x1080 3000 frames NE_NO_VALIDATION
device "NVIDIA GeForce RTX 3050 Laptop GPU", validation false
meshes: merge greedy region chunk: 291 regions, 10503 quads, 275890 triangles, 6791664 B device, snapshot 1, built in 0.12 s
swapchain B8G8R8A8_SRGB SRGB_NONLINEAR, 3 images 1920x1080, present FIFO (asked FIFO); ~24883200 B driver-owned, not in the ledger
ledger live: GpuMesh 6819376 B, GpuMaterial 544 B, GpuTemporal 39813120 B (targets 39813120 B), Staging 16777216 B
{"run":"viewer","device":"NVIDIA GeForce RTX 3050 Laptop GPU","validation":false,"merge":"greedy","region":"chunk","present":"FIFO","extent":[1920,1080],"frames":3000,"frames_in_flight":2,"swapchain_recreates":1,"scripted":true,"cycle_views":false,"triangles":275890,"snapshot":1,"frame_ms":{"n":2999,"mean":7.165,"p50":6.967,"p99":15.696,"max":84.446},"gpu_ms":{"gbuffer":{"n":2998,"mean":0.346,"p50":0.073,"p99":0.832,"max":0.863},"debug_view":{"n":2998,"mean":0.078,"p50":0.051,"p99":0.141,"max":0.522}},"mode":"walk","view":"lit","refresh_mhz":144000,"focus_lost":0,"occluded":0,"phases_ms":{"begin":{"n":3000,"mean":6.522,"p50":6.497,"p99":13.817,"max":40.727},"acquire":{"n":3000,"mean":0.052,"p50":0.042,"p99":0.146,"max":9.616},"present":{"n":3000,"mean":0.325,"p50":0.177,"p99":3.672,"max":76.686},"inside":{"n":3000,"mean":7.067,"p50":6.883,"p99":15.373,"max":84.361},"over_16_7":20,"over_33_3":2,"slow_cols":"frame,interval,begin,acquire,present,inside,outside","slow":[[8,19.25,18.63,0.05,0.29,19.18,0.07],[10,21.00,20.13,0.04,0.63,20.93,0.07],[334,18.12,13.47,0.05,4.32,18.04,0.08],[342,19.41,7.06,0.08,11.84,19.32,0.09],[415,19.27,13.93,2.09,2.86,19.17,0.10],[796,17.77,13.48,0.06,3.91,17.68,0.09],[1133,17.02,14.25,0.09,2.27,16.94,0.08],[1300,17.09,15.47,0.05,1.32,17.02,0.07],[1598,18.88,13.69,0.04,4.92,18.80,0.08],[1630,32.38,5.51,0.04,26.55,32.28,0.09],[1702,84.45,7.48,0.05,76.69,84.36,0.09],[1879,21.75,13.34,0.08,7.99,21.65,0.10],[2088,16.96,16.36,0.09,0.11,16.88,0.08],[2131,17.47,13.42,0.05,3.74,17.38,0.10],[2142,21.90,7.05,0.06,14.49,21.80,0.10],[2298,19.08,12.98,0.05,5.67,18.98,0.10],[2381,18.01,13.98,0.06,3.33,17.55,0.46],[2507,17.19,15.11,0.04,1.82,17.09,0.09],[2592,20.67,14.51,0.04,5.86,20.57,0.10],[2604,41.22,40.73,0.05,0.16,41.10,0.12]]},"walk":{"feet":[-26.9867,-21.1188,14.7200],"grounded":false,"substeps":12000,"steps_up":2,"snaps_down":0,"jumps":3,"voxels_tested":1177048,"overlap_frames":0,"respawns":10,"update_ms":{"n":3000,"mean":0.008,"p50":0.006,"p99":0.065,"max":0.160}},"validation_errors":0,"validation_warnings":0,"readers_held_at_exit":2}
exit 0
== gate rep 2 mailbox walk lit 1920x1080 3000 frames NE_NO_VALIDATION
device "NVIDIA GeForce RTX 3050 Laptop GPU", validation false
meshes: merge greedy region chunk: 291 regions, 10503 quads, 275890 triangles, 6791664 B device, snapshot 1, built in 0.11 s
swapchain B8G8R8A8_SRGB SRGB_NONLINEAR, 3 images 1920x1080, present MAILBOX (asked MAILBOX); ~24883200 B driver-owned, not in the ledger
ledger live: GpuMesh 6819376 B, GpuMaterial 544 B, GpuTemporal 39813120 B (targets 39813120 B), Staging 16777216 B
{"run":"viewer","device":"NVIDIA GeForce RTX 3050 Laptop GPU","validation":false,"merge":"greedy","region":"chunk","present":"MAILBOX","extent":[1920,1080],"frames":3000,"frames_in_flight":2,"swapchain_recreates":1,"scripted":true,"cycle_views":false,"triangles":275890,"snapshot":1,"frame_ms":{"n":2999,"mean":3.481,"p50":2.332,"p99":6.814,"max":19.782},"gpu_ms":{"gbuffer":{"n":2998,"mean":0.284,"p50":0.070,"p99":0.921,"max":0.972},"debug_view":{"n":2998,"mean":0.072,"p50":0.051,"p99":0.129,"max":0.590}},"mode":"walk","view":"lit","refresh_mhz":144000,"focus_lost":0,"occluded":0,"phases_ms":{"begin":{"n":3000,"mean":0.032,"p50":0.026,"p99":0.178,"max":0.600},"acquire":{"n":3000,"mean":3.088,"p50":1.385,"p99":6.244,"max":19.479},"present":{"n":3000,"mean":0.111,"p50":0.099,"p99":0.312,"max":2.671},"inside":{"n":3000,"mean":3.401,"p50":2.220,"p99":6.595,"max":19.669},"over_16_7":1,"over_33_3":0,"slow_cols":"frame,interval,begin,acquire,present,inside,outside","slow":[[19,19.78,0.01,19.48,0.08,19.67,0.11]]},"walk":{"feet":[-26.9867,-21.1188,14.7200],"grounded":false,"substeps":12000,"steps_up":2,"snaps_down":0,"jumps":3,"voxels_tested":1177048,"overlap_frames":0,"respawns":10,"update_ms":{"n":3000,"mean":0.009,"p50":0.008,"p99":0.065,"max":0.373}},"validation_errors":0,"validation_warnings":0,"readers_held_at_exit":2}
exit 0
== gate rep 3 fifo walk lit 1920x1080 3000 frames NE_NO_VALIDATION
device "NVIDIA GeForce RTX 3050 Laptop GPU", validation false
meshes: merge greedy region chunk: 291 regions, 10503 quads, 275890 triangles, 6791664 B device, snapshot 1, built in 0.12 s
swapchain B8G8R8A8_SRGB SRGB_NONLINEAR, 3 images 1920x1080, present FIFO (asked FIFO); ~24883200 B driver-owned, not in the ledger
ledger live: GpuMesh 6819376 B, GpuMaterial 544 B, GpuTemporal 39813120 B (targets 39813120 B), Staging 16777216 B
{"run":"viewer","device":"NVIDIA GeForce RTX 3050 Laptop GPU","validation":false,"merge":"greedy","region":"chunk","present":"FIFO","extent":[1920,1080],"frames":3000,"frames_in_flight":2,"swapchain_recreates":1,"scripted":true,"cycle_views":false,"triangles":275890,"snapshot":1,"frame_ms":{"n":2999,"mean":7.052,"p50":6.952,"p99":14.262,"max":56.938},"gpu_ms":{"gbuffer":{"n":2998,"mean":0.345,"p50":0.073,"p99":0.832,"max":0.857},"debug_view":{"n":2998,"mean":0.078,"p50":0.051,"p99":0.141,"max":0.142}},"mode":"walk","view":"lit","refresh_mhz":144000,"focus_lost":0,"occluded":0,"phases_ms":{"begin":{"n":3000,"mean":6.444,"p50":6.489,"p99":9.134,"max":27.477},"acquire":{"n":3000,"mean":0.047,"p50":0.043,"p99":0.172,"max":1.571},"present":{"n":3000,"mean":0.289,"p50":0.178,"p99":2.082,"max":50.995},"inside":{"n":3000,"mean":6.946,"p50":6.864,"p99":13.327,"max":56.849},"over_16_7":10,"over_33_3":1,"slow_cols":"frame,interval,begin,acquire,present,inside,outside","slow":[[9,27.93,27.48,0.04,0.20,27.86,0.08],[10,27.11,25.83,0.04,1.05,27.05,0.06],[322,25.00,24.45,0.04,0.29,24.92,0.08],[547,16.74,14.68,0.06,1.70,16.63,0.11],[632,17.01,13.05,0.05,3.57,16.90,0.10],[1823,56.94,5.67,0.05,51.00,56.85,0.09],[2491,22.05,8.04,0.04,13.76,21.95,0.10],[2547,18.00,14.77,0.07,0.17,17.92,0.08],[2590,16.99,16.58,0.06,0.12,16.89,0.10],[2760,17.80,17.26,0.05,0.18,17.69,0.10]]},"walk":{"feet":[-26.9867,-21.1188,14.7200],"grounded":false,"substeps":12000,"steps_up":2,"snaps_down":0,"jumps":3,"voxels_tested":1177048,"overlap_frames":0,"respawns":10,"update_ms":{"n":3000,"mean":0.010,"p50":0.006,"p99":0.064,"max":2.600}},"validation_errors":0,"validation_warnings":0,"readers_held_at_exit":2}
exit 0
== gate rep 3 mailbox walk lit 1920x1080 3000 frames NE_NO_VALIDATION
device "NVIDIA GeForce RTX 3050 Laptop GPU", validation false
meshes: merge greedy region chunk: 291 regions, 10503 quads, 275890 triangles, 6791664 B device, snapshot 1, built in 0.12 s
swapchain B8G8R8A8_SRGB SRGB_NONLINEAR, 3 images 1920x1080, present MAILBOX (asked MAILBOX); ~24883200 B driver-owned, not in the ledger
ledger live: GpuMesh 6819376 B, GpuMaterial 544 B, GpuTemporal 39813120 B (targets 39813120 B), Staging 16777216 B
{"run":"viewer","device":"NVIDIA GeForce RTX 3050 Laptop GPU","validation":false,"merge":"greedy","region":"chunk","present":"MAILBOX","extent":[1920,1080],"frames":3000,"frames_in_flight":2,"swapchain_recreates":1,"scripted":true,"cycle_views":false,"triangles":275890,"snapshot":1,"frame_ms":{"n":2999,"mean":3.481,"p50":2.245,"p99":6.969,"max":19.211},"gpu_ms":{"gbuffer":{"n":2998,"mean":0.292,"p50":0.073,"p99":0.846,"max":1.069},"debug_view":{"n":2998,"mean":0.072,"p50":0.050,"p99":0.129,"max":0.527}},"mode":"walk","view":"lit","refresh_mhz":144000,"focus_lost":0,"occluded":0,"phases_ms":{"begin":{"n":3000,"mean":0.032,"p50":0.027,"p99":0.141,"max":0.456},"acquire":{"n":3000,"mean":3.085,"p50":1.411,"p99":6.414,"max":18.958},"present":{"n":3000,"mean":0.111,"p50":0.101,"p99":0.298,"max":1.023},"inside":{"n":3000,"mean":3.398,"p50":1.916,"p99":6.765,"max":19.146},"over_16_7":1,"over_33_3":0,"slow_cols":"frame,interval,begin,acquire,present,inside,outside","slow":[[20,19.21,0.01,18.96,0.08,19.15,0.07]]},"walk":{"feet":[-26.9867,-21.1188,14.7200],"grounded":false,"substeps":12000,"steps_up":2,"snaps_down":0,"jumps":3,"voxels_tested":1177048,"overlap_frames":0,"respawns":10,"update_ms":{"n":3000,"mean":0.009,"p50":0.008,"p99":0.064,"max":0.195}},"validation_errors":0,"validation_warnings":0,"readers_held_at_exit":2}
exit 0
== supplemental fifo fly lit 1920x1080 3000 frames NE_NO_VALIDATION
device "NVIDIA GeForce RTX 3050 Laptop GPU", validation false
meshes: merge greedy region chunk: 291 regions, 10503 quads, 275890 triangles, 6791664 B device, snapshot 1, built in 0.12 s
swapchain B8G8R8A8_SRGB SRGB_NONLINEAR, 3 images 1920x1080, present FIFO (asked FIFO); ~24883200 B driver-owned, not in the ledger
ledger live: GpuMesh 6819376 B, GpuMaterial 544 B, GpuTemporal 39813120 B (targets 39813120 B), Staging 16777216 B
{"run":"viewer","device":"NVIDIA GeForce RTX 3050 Laptop GPU","validation":false,"merge":"greedy","region":"chunk","present":"FIFO","extent":[1920,1080],"frames":3000,"frames_in_flight":2,"swapchain_recreates":1,"scripted":true,"cycle_views":false,"triangles":275890,"snapshot":1,"frame_ms":{"n":2999,"mean":7.023,"p50":6.944,"p99":11.953,"max":36.809},"gpu_ms":{"gbuffer":{"n":2998,"mean":0.689,"p50":0.707,"p99":0.821,"max":0.850},"debug_view":{"n":2998,"mean":0.110,"p50":0.111,"p99":0.141,"max":0.142}},"mode":"fly","view":"lit","refresh_mhz":144000,"focus_lost":0,"occluded":0,"phases_ms":{"begin":{"n":3000,"mean":6.476,"p50":6.532,"p99":9.383,"max":34.064},"acquire":{"n":3000,"mean":0.048,"p50":0.043,"p99":0.165,"max":1.612},"present":{"n":3000,"mean":0.274,"p50":0.177,"p99":2.451,"max":25.607},"inside":{"n":3000,"mean":6.923,"p50":6.869,"p99":11.690,"max":36.710},"over_16_7":11,"over_33_3":1,"slow_cols":"frame,interval,begin,acquire,present,inside,outside","slow":[[9,20.53,20.06,0.04,0.27,20.47,0.06],[10,21.08,20.65,0.04,0.21,21.02,0.07],[1071,16.96,8.67,0.05,8.01,16.85,0.11],[1628,18.05,17.21,0.05,0.51,17.90,0.15],[1754,16.79,16.41,0.04,0.12,16.72,0.06],[2485,16.97,16.33,0.04,0.40,16.87,0.10],[2625,36.81,34.06,0.06,2.45,36.71,0.10],[2652,16.67,15.92,0.07,0.37,16.58,0.10],[2694,17.00,16.21,0.06,0.50,16.91,0.09],[2814,32.91,6.99,0.04,25.61,32.81,0.10],[2818,17.27,15.11,1.61,0.30,17.16,0.10]]},"walk":{"feet":[32.0000,0.0000,40.0000],"grounded":false,"substeps":0,"steps_up":0,"snaps_down":0,"jumps":0,"voxels_tested":0,"overlap_frames":0,"respawns":0,"update_ms":null},"validation_errors":0,"validation_warnings":0,"readers_held_at_exit":2}
exit 0
== supplemental mailbox fly lit 1920x1080 3000 frames NE_NO_VALIDATION
device "NVIDIA GeForce RTX 3050 Laptop GPU", validation false
meshes: merge greedy region chunk: 291 regions, 10503 quads, 275890 triangles, 6791664 B device, snapshot 1, built in 0.12 s
swapchain B8G8R8A8_SRGB SRGB_NONLINEAR, 3 images 1920x1080, present MAILBOX (asked MAILBOX); ~24883200 B driver-owned, not in the ledger
ledger live: GpuMesh 6819376 B, GpuMaterial 544 B, GpuTemporal 39813120 B (targets 39813120 B), Staging 16777216 B
{"run":"viewer","device":"NVIDIA GeForce RTX 3050 Laptop GPU","validation":false,"merge":"greedy","region":"chunk","present":"MAILBOX","extent":[1920,1080],"frames":3000,"frames_in_flight":2,"swapchain_recreates":1,"scripted":true,"cycle_views":false,"triangles":275890,"snapshot":1,"frame_ms":{"n":2999,"mean":3.485,"p50":1.812,"p99":6.749,"max":19.882},"gpu_ms":{"gbuffer":{"n":2998,"mean":0.531,"p50":0.612,"p99":0.912,"max":1.166},"debug_view":{"n":2998,"mean":0.101,"p50":0.102,"p99":0.132,"max":0.469}},"mode":"fly","view":"lit","refresh_mhz":144000,"focus_lost":0,"occluded":0,"phases_ms":{"begin":{"n":3000,"mean":0.030,"p50":0.026,"p99":0.126,"max":1.315},"acquire":{"n":3000,"mean":3.147,"p50":1.484,"p99":6.219,"max":19.623},"present":{"n":3000,"mean":0.111,"p50":0.100,"p99":0.300,"max":0.853},"inside":{"n":3000,"mean":3.404,"p50":1.710,"p99":6.527,"max":19.807},"over_16_7":1,"over_33_3":0,"slow_cols":"frame,interval,begin,acquire,present,inside,outside","slow":[[20,19.88,0.01,19.62,0.09,19.81,0.07]]},"walk":{"feet":[32.0000,0.0000,40.0000],"grounded":false,"substeps":0,"steps_up":0,"snaps_down":0,"jumps":0,"voxels_tested":0,"overlap_frames":0,"respawns":0,"update_ms":null},"validation_errors":0,"validation_warnings":0,"readers_held_at_exit":2}
exit 0
