    Finished `release` profile [optimized] target(s) in 0.05s
     Running tests\lights.rs (target\release\deps\lights-6e727c54a2cf0e98.exe)

running 1 test
test emitters_converge_to_the_reference ... rig: full (1143 emitters), 320x180
G2 full street k 1: rel mean [-0.002, -0.0069, -0.0265], z [-0.12, -0.33, -1.12], |z|>4 0.974% (null 1.016%, limit 1.724%) pass
G2 full street k 2: rel mean [-0.0048, -0.0249, -0.0391], z [-0.37, -1.7, -2.31], |z|>4 0.477% (null 1.016%, limit 1.724%) pass
G2 full street k 4: rel mean [0.0131, -0.0067, -0.002], z [1.14, -0.54, -0.13], |z|>4 0.240% (null 1.016%, limit 1.724%) pass
G2 full street fault no_solid_angle: rel mean [13727.0561, 20593.1023, 16265.4076], z [2642.99, 2540.93, 2535.88], |z|>4 99.929% (null 1.016%, limit 1.724%) caught
G2 full street blue hour (data): rel mean [-0.0003, -0.0024, -0.0166], z [-0.02, -0.16, -1.19], |z|>4 0.710% (null 1.962%, limit 3.143%) (data)
G2 full low k 1: rel mean [-0.0189, -0.0152, -0.0167], z [-1.51, -0.81, -0.67], |z|>4 0.580% (null 0.628%, limit 1.141%) pass
G2 full low k 2: rel mean [-0.017, -0.0201, -0.0165], z [-1.56, -1.4, -0.87], |z|>4 0.225% (null 0.628%, limit 1.141%) pass
G2 full low k 4: rel mean [-0.0137, -0.0083, -0.003], z [-1.71, -0.7, -0.19], |z|>4 0.102% (null 0.628%, limit 1.141%) pass
G2 full low fault no_solid_angle: rel mean [25343.9, 18233.4261, 16671.8477], z [2368.01, 2443.99, 2403.8], |z|>4 99.981% (null 0.628%, limit 1.141%) caught
G2 full low blue hour (data): rel mean [-0.0089, -0.009, -0.0119], z [-1.2, -0.64, -0.85], |z|>4 0.470% (null 1.723%, limit 2.785%) (data)
validation: 0 errors, 0 warnings
rig: dense (7003 emitters), 320x180
G2 dense street k 1: rel mean [0.017, -0.0066, -0.0035], z [1.34, -0.54, -0.18], |z|>4 0.798% (null 0.730%, limit 1.295%) pass
G2 dense street k 2: rel mean [0.0075, -0.0078, -0.0107], z [0.79, -0.82, -0.7], |z|>4 0.289% (null 0.730%, limit 1.295%) pass
G2 dense street k 4: rel mean [0.0079, 0.0047, 0.0027], z [1.01, 0.54, 0.19], |z|>4 0.141% (null 0.730%, limit 1.295%) pass
G2 dense low k 1: rel mean [0.025, 0.0359, 0.0488], z [2.35, 2.35, 2.01], |z|>4 0.705% (null 0.685%, limit 1.228%) pass
G2 dense low k 2: rel mean [0.0117, 0.0244, 0.0284], z [1.56, 2.17, 1.61], |z|>4 0.266% (null 0.685%, limit 1.228%) pass
G2 dense low k 4: rel mean [0.0009, 0.0125, 0.0268], z [0.15, 1.42, 1.83], |z|>4 0.090% (null 0.685%, limit 1.228%) pass
validation: 0 errors, 0 warnings
ok

test result: ok. 1 passed; 0 failed; 0 ignored; 0 measured; 6 filtered out; finished in 223.72s

