    Finished `release` profile [optimized] target(s) in 0.05s
     Running tests\lights.rs (target\release\deps\lights-6e727c54a2cf0e98.exe)

running 1 test
test night_against_the_reference ... rig: full (1143 emitters), 1920x1080
reference street_night: 16384 spp in 295.1 s
G4 street_night: 1579999 surface px, reference noise rel_mse 1.25e-2, one frame's mean luminance 1-sigma 7.82%
  age  1: filtered rel_mse 9.0043 bias -0.1098 | raw 221.9223 bias -0.0106 (z -0.14) | raw at age  8 55.8158 | filter energy -0.0993 | Q1 FAIL (a FAIL b pass) Q2 pass
  age  4: filtered rel_mse 19.4933 bias -0.0800 | raw 82.9673 bias -0.0081 (z -0.21) | raw at age 16 22.6419 | filter energy -0.0720 | Q1 FAIL (a FAIL b pass) Q2 pass
  age 16: filtered rel_mse 1.5063 bias -0.2644 | raw 22.6419 bias -0.0202 (z -1.03) | raw at age 64 9.5780 | filter energy -0.2442 | Q1 FAIL (a FAIL b pass) Q2 pass
  age 64: filtered rel_mse 0.2417 bias -0.1641 | raw 9.5780 bias -0.0008 (z -0.09) | raw at age 64 9.5780 | filter energy -0.1632 | Q1 FAIL (a FAIL b pass) Q2 pass
  display exposure (metric, from the reference with emission): 1.2069e4
reference low_night: 16384 spp in 268.7 s
G4 low_night: 1081611 surface px, reference noise rel_mse 8.27e-3, one frame's mean luminance 1-sigma 8.88%
  age  1: filtered rel_mse 73.1179 bias +0.0594 | raw 669.3522 bias +0.1452 (z +1.64) | raw at age  8 49.0778 | filter energy -0.0858 | Q1 FAIL (a FAIL b pass) Q2 FAIL
  age  4: filtered rel_mse 5.6581 bias -0.0158 | raw 76.9073 bias +0.0300 (z +0.68) | raw at age 16 30.0968 | filter energy -0.0458 | Q1 FAIL (a FAIL b pass) Q2 pass
  age 16: filtered rel_mse 0.5786 bias -0.1830 | raw 30.0968 bias +0.0130 (z +0.59) | raw at age 64 5.6961 | filter energy -0.1960 | Q1 FAIL (a FAIL b pass) Q2 pass
  age 64: filtered rel_mse 0.2867 bias -0.1259 | raw 5.6961 bias +0.0027 (z +0.24) | raw at age 64 5.6961 | filter energy -0.1286 | Q1 FAIL (a FAIL b pass) Q2 pass
  display exposure (metric, from the reference with emission): 1.2464e4
reference street_blue_hour: 16384 spp in 306.0 s
G4 street_blue_hour: 1579999 surface px, reference noise rel_mse 2.12e-2, one frame's mean luminance 1-sigma 5.67% (blue hour: data)
  age  1: filtered rel_mse 5.8990 bias -0.0764 | raw 136.3711 bias -0.0052 (z -0.09) | raw at age  8 33.7208 | filter energy -0.0712 | Q1 FAIL (a FAIL b pass) Q2 pass
  age  4: filtered rel_mse 11.6889 bias -0.0547 | raw 44.2826 bias -0.0035 (z -0.12) | raw at age 16 13.5386 | filter energy -0.0512 | Q1 FAIL (a FAIL b pass) Q2 pass
  age 16: filtered rel_mse 0.9479 bias -0.1850 | raw 13.5386 bias -0.0124 (z -0.87) | raw at age 64 4.6246 | filter energy -0.1726 | Q1 FAIL (a FAIL b pass) Q2 pass
  age 64: filtered rel_mse 0.1615 bias -0.1143 | raw 4.6246 bias +0.0016 (z +0.23) | raw at age 64 4.6246 | filter energy -0.1159 | Q1 FAIL (a FAIL b pass) Q2 pass
  display exposure (metric, from the reference with emission): 7.6128e3
reference low_blue_hour: 16384 spp in 270.4 s
G4 low_blue_hour: 1081611 surface px, reference noise rel_mse 1.71e-2, one frame's mean luminance 1-sigma 6.27% (blue hour: data)
  age  1: filtered rel_mse 34.1968 bias +0.0438 | raw 267.9818 bias +0.1037 (z +1.65) | raw at age  8 20.7373 | filter energy -0.0599 | Q1 FAIL (a FAIL b pass) Q2 FAIL
  age  4: filtered rel_mse 2.6562 bias -0.0082 | raw 33.1082 bias +0.0234 (z +0.75) | raw at age 16 12.2682 | filter energy -0.0316 | Q1 FAIL (a FAIL b pass) Q2 pass
  age 16: filtered rel_mse 0.3144 bias -0.1235 | raw 12.2682 bias +0.0113 (z +0.72) | raw at age 64 2.5667 | filter energy -0.1348 | Q1 FAIL (a FAIL b pass) Q2 pass
  age 64: filtered rel_mse 0.1330 bias -0.0849 | raw 2.5667 bias +0.0040 (z +0.51) | raw at age 64 2.5667 | filter energy -0.0889 | Q1 FAIL (a FAIL b pass) Q2 pass
  display exposure (metric, from the reference with emission): 7.8242e3
validation: 0 errors, 0 warnings

thread 'night_against_the_reference' (14244) panicked at gpu\tests\lights.rs:1009:5:
failed: ["Q1 street_night age 1", "Q1 street_night age 4", "Q1 street_night age 16", "Q1 street_night age 64", "Q1 low_night age 1", "Q2 low_night age 1", "Q1 low_night age 4", "Q1 low_night age 16", "Q1 low_night age 64"]
note: run with `RUST_BACKTRACE=1` environment variable to display a backtrace
FAILED

failures:

failures:
    night_against_the_reference

test result: FAILED. 0 passed; 1 failed; 0 ignored; 0 measured; 6 filtered out; finished in 1160.92s

error: test failed, to rerun pass `-p gpu --test lights`
